// Jest Snapshot v1, https://goo.gl/fbAQLP

exports[`GenresList renders correctly 1`] = `
<ul
  className="catalog__genres-list"
/>
`;
