// Jest Snapshot v1, https://goo.gl/fbAQLP

exports[`VideoPlayer should render correctly 1`] = `<video />`;
