// Jest Snapshot v1, https://goo.gl/fbAQLP

exports[`Review renders correctly 1`] = `
<div
  className="review"
>
  <blockquote
    className="review__quote"
  >
    <p
      className="review__text"
    >
      I don't know what to say but I can't help posting
    </p>
    <footer
      className="review__details"
    >
      <cite
        className="review__author"
      >
        Courtney Cox
      </cite>
      <time
        className="review__date"
        dateTime="2020-08-02T21:00:00.000Z"
      >
        August 3, 2020
      </time>
    </footer>
  </blockquote>
  <div
    className="review__rating"
  >
    5,1
  </div>
</div>
`;
