// Jest Snapshot v1, https://goo.gl/fbAQLP

exports[`SmallMovieCard should render correct movie name 1`] = `
<article
  className="small-movie-card catalog__movies-card"
  onClick={[Function]}
  onMouseEnter={[Function]}
  onMouseLeave={[Function]}
>
  <div
    className="small-movie-card__image"
  >
    <video />
  </div>
  <h3
    className="small-movie-card__title"
  >
    <a
      className="small-movie-card__link"
      href="/films/152"
      onClick={[Function]}
    >
      Some movie: Revenge
    </a>
  </h3>
</article>
`;
